
> @talos/ui@0.1.0 build D:\Talos OS\packages\ui
> next build

   ▲ Next.js 15.5.19
   - Experiments (use with caution):
     · serverActions

   Creating an optimized production build ...
 ✓ Compiled successfully in 14.2s
   Linting and checking validity of types ...
   Collecting page data ...
   Generating static pages (0/4) ...
   Generating static pages (1/4) 
   Generating static pages (2/4) 
   Generating static pages (3/4) 
 ✓ Generating static pages (4/4)
   Finalizing page optimization ...
   Collecting build traces ...

Route (app)                                 Size  First Load JS
┌ ○ /                                    54.6 kB         157 kB
└ ○ /_not-found                            991 B         103 kB
+ First Load JS shared by all             102 kB
  ├ chunks/4557610a-fefa5be19e77ed4a.js  54.2 kB
  ├ chunks/785-778584e14f2dca51.js       45.8 kB
  └ other shared chunks (total)          1.97 kB


○  (Static)  prerendered as static content

